// Jest Snapshot v1, https://goo.gl/fbAQLP

exports[`Component matches snapshot 1`] = `
<div>
  <div>
    <button
      class="b1j9645y"
    >
      Click me
    </button>
    Count: 0
  </div>
</div>
`;
